// Jest Snapshot v1, https://goo.gl/fbAQLP

exports[`App:: should render app 1`] = `
<div>
  <div>
    <button>
      click me
    </button>
    <p
      data-testid="counter"
    >
      0
    </p>
  </div>
</div>
`;
